
> Configure project :app
WARNING: The option setting 'android.disallowKotlinSourceSets=false' is experimental.
The current default is 'true'.

> Task :app:preBuild UP-TO-DATE
> Task :app:preDebugBuild UP-TO-DATE
> Task :app:generateDebugResources UP-TO-DATE
> Task :app:processDebugGoogleServices UP-TO-DATE
> Task :app:packageDebugResources UP-TO-DATE
> Task :app:processDebugNavigationResources UP-TO-DATE
> Task :app:parseDebugLocalResources UP-TO-DATE
> Task :app:generateDebugRFile UP-TO-DATE
> Task :app:kspDebugKotlin UP-TO-DATE

> Task :app:compileDebugKotlin FAILED
./gradlew : e: file:///C:/Users/Alpinejag/Documents/AndroidStudio/Test-KafeCraft/KafeCraft/app/src/main/java/com/kelomp
oksatu/kafecraft/ui/home/RecipeDetailScreen.kt:83:60 None of the following candidates is applicable:
At line:1 char:1
+ ./gradlew compileDebugKotlin > build_output.txt 2>&1
+ ~~~~~~~~~~~~~~~~~~~~~~~~~~~~~~~~~~~~~~~~~~~~~~~~~~~~
    + CategoryInfo          : NotSpecified: (e: file:///C:/U... is applicable::String) [], RemoteException
    + FullyQualifiedErrorId : NativeCommandError
 
fun colors(): TextFieldColors
fun colors(focusedTextColor: Color = ..., unfocusedTextColor: Color = ..., disabledTextColor: Color = ..., 
errorTextColor: Color = ..., focusedContainerColor: Color = ..., unfocusedContainerColor: Color = ..., 
disabledContainerColor: Color = ..., errorContainerColor: Color = ..., cursorColor: Color = ..., errorCursorColor: 
Color = ..., selectionColors: TextSelectionColors? = ..., focusedBorderColor: Color = ..., unfocusedBorderColor: Color 
= ..., disabledBorderColor: Color = ..., errorBorderColor: Color = ..., focusedLeadingIconColor: Color = ..., 
unfocusedLeadingIconColor: Color = ..., disabledLeadingIconColor: Color = ..., errorLeadingIconColor: Color = ..., 
focusedTrailingIconColor: Color = ..., unfocusedTrailingIconColor: Color = ..., disabledTrailingIconColor: Color = 
..., errorTrailingIconColor: Color = ..., focusedLabelColor: Color = ..., unfocusedLabelColor: Color = ..., 
disabledLabelColor: Color = ..., errorLabelColor: Color = ..., focusedPlaceholderColor: Color = ..., 
unfocusedPlaceholderColor: Color = ..., disabledPlaceholderColor: Color = ..., errorPlaceholderColor: Color = ..., 
focusedSupportingTextColor: Color = ..., unfocusedSupportingTextColor: Color = ..., disabledSupportingTextColor: Color 
= ..., errorSupportingTextColor: Color = ..., focusedPrefixColor: Color = ..., unfocusedPrefixColor: Color = ..., 
disabledPrefixColor: Color = ..., errorPrefixColor: Color = ..., focusedSuffixColor: Color = ..., 
unfocusedSuffixColor: Color = ..., disabledSuffixColor: Color = ..., errorSuffixColor: Color = ...): TextFieldColors
e: file:///C:/Users/Alpinejag/Documents/AndroidStudio/Test-KafeCraft/KafeCraft/app/src/main/java/com/kelompoksatu/kafec
raft/ui/myrecipes/CreateEditRecipeScreen.kt:169:48 None of the following candidates is applicable:
fun colors(): TextFieldColors
fun colors(focusedTextColor: Color = ..., unfocusedTextColor: Color = ..., disabledTextColor: Color = ..., 
errorTextColor: Color = ..., focusedContainerColor: Color = ..., unfocusedContainerColor: Color = ..., 
disabledContainerColor: Color = ..., errorContainerColor: Color = ..., cursorColor: Color = ..., errorCursorColor: 
Color = ..., selectionColors: TextSelectionColors? = ..., focusedBorderColor: Color = ..., unfocusedBorderColor: Color 
= ..., disabledBorderColor: Color = ..., errorBorderColor: Color = ..., focusedLeadingIconColor: Color = ..., 
unfocusedLeadingIconColor: Color = ..., disabledLeadingIconColor: Color = ..., errorLeadingIconColor: Color = ..., 
focusedTrailingIconColor: Color = ..., unfocusedTrailingIconColor: Color = ..., disabledTrailingIconColor: Color = 
..., errorTrailingIconColor: Color = ..., focusedLabelColor: Color = ..., unfocusedLabelColor: Color = ..., 
disabledLabelColor: Color = ..., errorLabelColor: Color = ..., focusedPlaceholderColor: Color = ..., 
unfocusedPlaceholderColor: Color = ..., disabledPlaceholderColor: Color = ..., errorPlaceholderColor: Color = ..., 
focusedSupportingTextColor: Color = ..., unfocusedSupportingTextColor: Color = ..., disabledSupportingTextColor: Color 
= ..., errorSupportingTextColor: Color = ..., focusedPrefixColor: Color = ..., unfocusedPrefixColor: Color = ..., 
disabledPrefixColor: Color = ..., errorPrefixColor: Color = ..., focusedSuffixColor: Color = ..., 
unfocusedSuffixColor: Color = ..., disabledSuffixColor: Color = ..., errorSuffixColor: Color = ...): TextFieldColors
e: file:///C:/Users/Alpinejag/Documents/AndroidStudio/Test-KafeCraft/KafeCraft/app/src/main/java/com/kelompoksatu/kafec
raft/ui/myrecipes/CreateEditRecipeScreen.kt:187:48 None of the following candidates is applicable:
fun colors(): TextFieldColors
fun colors(focusedTextColor: Color = ..., unfocusedTextColor: Color = ..., disabledTextColor: Color = ..., 
errorTextColor: Color = ..., focusedContainerColor: Color = ..., unfocusedContainerColor: Color = ..., 
disabledContainerColor: Color = ..., errorContainerColor: Color = ..., cursorColor: Color = ..., errorCursorColor: 
Color = ..., selectionColors: TextSelectionColors? = ..., focusedBorderColor: Color = ..., unfocusedBorderColor: Color 
= ..., disabledBorderColor: Color = ..., errorBorderColor: Color = ..., focusedLeadingIconColor: Color = ..., 
unfocusedLeadingIconColor: Color = ..., disabledLeadingIconColor: Color = ..., errorLeadingIconColor: Color = ..., 
focusedTrailingIconColor: Color = ..., unfocusedTrailingIconColor: Color = ..., disabledTrailingIconColor: Color = 
..., errorTrailingIconColor: Color = ..., focusedLabelColor: Color = ..., unfocusedLabelColor: Color = ..., 
disabledLabelColor: Color = ..., errorLabelColor: Color = ..., focusedPlaceholderColor: Color = ..., 
unfocusedPlaceholderColor: Color = ..., disabledPlaceholderColor: Color = ..., errorPlaceholderColor: Color = ..., 
focusedSupportingTextColor: Color = ..., unfocusedSupportingTextColor: Color = ..., disabledSupportingTextColor: Color 
= ..., errorSupportingTextColor: Color = ..., focusedPrefixColor: Color = ..., unfocusedPrefixColor: Color = ..., 
disabledPrefixColor: Color = ..., errorPrefixColor: Color = ..., focusedSuffixColor: Color = ..., 
unfocusedSuffixColor: Color = ..., disabledSuffixColor: Color = ..., errorSuffixColor: Color = ...): TextFieldColors

FAILURE: Build failed with an exception.

* What went wrong:
Execution failed for task ':app:compileDebugKotlin'.
> A failure occurred while executing 
org.jetbrains.kotlin.compilerRunner.GradleCompilerRunnerWithWorkers$GradleKotlinCompilerWorkAction
   > Compilation error. See log for more details

* Try:
> Run with --stacktrace option to get the stack trace.
> Run with --info or --debug option to get more log output.
> Run with --scan to get full insights from a Build Scan (powered by Develocity).
> Get more help at https://help.gradle.org.

BUILD FAILED in 3s
8 actionable tasks: 1 executed, 7 up-to-date
